go: downloading go.opentelemetry.io/otel/metric v1.43.0
go: downloading go.opentelemetry.io/otel/sdk v1.43.0
go: downloading go.opentelemetry.io/otel/sdk/log v0.18.0
go: downloading go.opentelemetry.io/otel v1.43.0
go: downloading go.opentelemetry.io/otel/trace v1.43.0
go: downloading go.opentelemetry.io/otel/log v0.18.0
go: downloading go.opentelemetry.io/otel/sdk/metric v1.43.0
go: downloading go.opentelemetry.io/otel/exporters/otlp/otlplog/otlploghttp v0.18.0
go: downloading go.opentelemetry.io/otel/exporters/otlp/otlpmetric/otlpmetrichttp v1.42.0
go: downloading go.opentelemetry.io/otel/exporters/otlp/otlptrace/otlptracehttp v1.42.0
go: downloading go.opentelemetry.io/otel/exporters/otlp/otlptrace v1.42.0
go: downloading github.com/cespare/xxhash/v2 v2.3.0
go: downloading github.com/go-logr/logr v1.4.3
go: downloading go.opentelemetry.io/auto/sdk v1.2.1
go: downloading github.com/go-logr/stdr v1.2.2
go: downloading golang.org/x/sys v0.42.0
go: downloading google.golang.org/protobuf v1.36.11
go: downloading go.opentelemetry.io/proto/otlp v1.9.0
go: downloading google.golang.org/grpc v1.79.2
go: downloading github.com/cenkalti/backoff/v5 v5.0.3
go: downloading github.com/grpc-ecosystem/grpc-gateway/v2 v2.28.0
go: downloading google.golang.org/genproto/googleapis/api v0.0.0-20260209200024-4cfbd4190f57
go: downloading google.golang.org/genproto/googleapis/rpc v0.0.0-20260209200024-4cfbd4190f57
go: downloading golang.org/x/net v0.51.0
go: downloading golang.org/x/text v0.34.0
