CREATE TABLE
CREATE INDEX
=== RUN   TestIntegration_Webhooks_CreateProjectsToBothReadModels
--- PASS: TestIntegration_Webhooks_CreateProjectsToBothReadModels (0.08s)
=== RUN   TestIntegration_Webhooks_UpdateDisablesInBothReadModels
--- PASS: TestIntegration_Webhooks_UpdateDisablesInBothReadModels (0.53s)
=== RUN   TestIntegration_Webhooks_OutboxWorkerDispatchesJob
--- PASS: TestIntegration_Webhooks_OutboxWorkerDispatchesJob (0.31s)
PASS
ok  	github.com/lalternative/packages/go/webhooks	0.914s
?   	github.com/lalternative/packages/go/webhooks/applications/create_endpoint	[no test files]
?   	github.com/lalternative/packages/go/webhooks/applications/delete_endpoint	[no test files]
?   	github.com/lalternative/packages/go/webhooks/applications/get_endpoint	[no test files]
?   	github.com/lalternative/packages/go/webhooks/applications/list_endpoints	[no test files]
?   	github.com/lalternative/packages/go/webhooks/applications/rotate_secret	[no test files]
?   	github.com/lalternative/packages/go/webhooks/applications/update_endpoint	[no test files]
=== RUN   TestCreateAcceptsCatalogedTypes
--- PASS: TestCreateAcceptsCatalogedTypes (0.00s)
=== RUN   TestCreateRejectsUncatalogedType
--- PASS: TestCreateRejectsUncatalogedType (0.00s)
=== RUN   TestCatalogIsPerProduct
--- PASS: TestCatalogIsPerProduct (0.00s)
=== RUN   TestEmptyCatalogRejectsEverything
--- PASS: TestEmptyCatalogRejectsEverything (0.00s)
PASS
ok  	github.com/lalternative/packages/go/webhooks/domain/aggregate	0.002s
?   	github.com/lalternative/packages/go/webhooks/domain/events	[no test files]
?   	github.com/lalternative/packages/go/webhooks/domain/providers	[no test files]
?   	github.com/lalternative/packages/go/webhooks/domain/repository	[no test files]
?   	github.com/lalternative/packages/go/webhooks/infrastructure	[no test files]
=== RUN   TestFallsBackToSubjectWhenHeaderAbsent
--- PASS: TestFallsBackToSubjectWhenHeaderAbsent (0.00s)
=== RUN   TestHeaderWinsOverSubject
--- PASS: TestHeaderWinsOverSubject (0.00s)
=== RUN   TestCustomEnvelopeRoutesFlatEvents
--- PASS: TestCustomEnvelopeRoutesFlatEvents (0.00s)
=== RUN   TestDefaultEnvelopeReadsMetadataShape
--- PASS: TestDefaultEnvelopeReadsMetadataShape (0.00s)
=== RUN   TestUnknownScopeIsDropped
--- PASS: TestUnknownScopeIsDropped (0.00s)
=== RUN   TestUnsubscribedTypeIsNotDelivered
--- PASS: TestUnsubscribedTypeIsNotDelivered (0.00s)
=== RUN   TestDeliveryIDIsDeterministic
--- PASS: TestDeliveryIDIsDeterministic (0.00s)
PASS
ok  	github.com/lalternative/packages/go/webhooks/infrastructure/dispatcher	0.003s
?   	github.com/lalternative/packages/go/webhooks/infrastructure/memstore	[no test files]
=== RUN   TestDispatchNamesHeadersAfterBrand
--- PASS: TestDispatchNamesHeadersAfterBrand (0.00s)
=== RUN   TestSignatureIsBrandIndependent
--- PASS: TestSignatureIsBrandIndependent (0.00s)
=== RUN   TestDefaultBrandWhenUnset
--- PASS: TestDefaultBrandWhenUnset (0.00s)
=== RUN   TestHTTPDispatcherRejectsPrivateTargets
=== RUN   TestHTTPDispatcherRejectsPrivateTargets/http://127.0.0.1:1/webhook
=== RUN   TestHTTPDispatcherRejectsPrivateTargets/http://10.0.0.1/webhook
=== RUN   TestHTTPDispatcherRejectsPrivateTargets/http://169.254.169.254/latest/meta-data/
--- PASS: TestHTTPDispatcherRejectsPrivateTargets (0.00s)
    --- PASS: TestHTTPDispatcherRejectsPrivateTargets/http://127.0.0.1:1/webhook (0.00s)
    --- PASS: TestHTTPDispatcherRejectsPrivateTargets/http://10.0.0.1/webhook (0.00s)
    --- PASS: TestHTTPDispatcherRejectsPrivateTargets/http://169.254.169.254/latest/meta-data/ (0.00s)
=== RUN   TestWorkerRecordsSuccess
--- PASS: TestWorkerRecordsSuccess (0.00s)
=== RUN   TestWorkerTerminatesOnPermanentFailure
--- PASS: TestWorkerTerminatesOnPermanentFailure (0.00s)
=== RUN   TestWorkerRetriesOnTransientFailure
--- PASS: TestWorkerRetriesOnTransientFailure (0.00s)
=== RUN   TestWorkerSkipsVanishedEndpoint
--- PASS: TestWorkerSkipsVanishedEndpoint (0.00s)
=== RUN   TestWorkerRejectsUndecodableJob
--- PASS: TestWorkerRejectsUndecodableJob (0.00s)
PASS
ok  	github.com/lalternative/packages/go/webhooks/infrastructure/outbox	0.004s
?   	github.com/lalternative/packages/go/webhooks/infrastructure/projections	[no test files]
?   	github.com/lalternative/packages/go/webhooks/infrastructure/repository	[no test files]
