go: downloading github.com/jackc/pgx/v5 v5.10.0
go: downloading github.com/lalternative/packages/go/eda v0.5.0
go: downloading github.com/labstack/echo/v4 v4.15.2
go: downloading github.com/nats-io/nats.go v1.52.0
go: downloading github.com/google/uuid v1.6.0
go: downloading github.com/lalternative/packages/go/eda/pkg/pgprojector v0.0.0-20260802123343-c1ef8fab7b34
go: downloading github.com/nats-io/nuid v1.0.1
go: downloading github.com/klauspost/compress v1.18.5
go: downloading github.com/nats-io/nkeys v0.4.15
go: downloading github.com/labstack/gommon v0.5.0
go: downloading golang.org/x/net v0.53.0
go: downloading golang.org/x/crypto v0.50.0
go: downloading github.com/jackc/puddle/v2 v2.2.2
go: downloading github.com/jackc/pgpassfile v1.0.0
go: downloading github.com/jackc/pgservicefile v0.0.0-20240606120523-5a60cdf6a761
go: downloading golang.org/x/text v0.36.0
go: downloading github.com/valyala/fasttemplate v1.2.2
go: downloading github.com/mattn/go-colorable v0.1.14
go: downloading github.com/mattn/go-isatty v0.0.22
go: downloading golang.org/x/sync v0.20.0
go: downloading github.com/valyala/bytebufferpool v1.0.0
go: downloading golang.org/x/sys v0.43.0
